******************************************************************************
            TI ARM Clang Linker PC v4.0.4                      
******************************************************************************
>> Linked Sat Apr 11 14:18:50 2026

OUTPUT FILE NAME:   <gpio.out>
ENTRY POINT SYMBOL: "_c_int00_noargs"  address: 00000a25


MEMORY CONFIGURATION

         name            origin    length      used     unused   attr    fill
----------------------  --------  ---------  --------  --------  ----  --------
  FLASH                 00000000   00020000  00000c38  0001f3c8  R  X
  SRAM                  20200000   00008000  00000388  00007c78  RW X
  BCR_CONFIG            41c00000   000000ff  00000000  000000ff  R   
  BSL_CONFIG            41c00100   00000080  00000000  00000080  R   


SEGMENT ALLOCATION MAP

run origin  load origin   length   init length attrs members
----------  ----------- ---------- ----------- ----- -------
00000000    00000000    00000c38   00000c38    r-x
  00000000    00000000    000000c0   000000c0    r-- .intvecs
  000000c0    000000c0    00000af8   00000af8    r-x .text
  00000bb8    00000bb8    00000050   00000050    r-- .rodata
  00000c08    00000c08    00000030   00000030    r-- .cinit
20200000    20200000    00000188   00000000    rw-
  20200000    20200000    00000178   00000000    rw- .bss
  20200178    20200178    00000010   00000000    rw- .data
20207e00    20207e00    00000200   00000000    rw-
  20207e00    20207e00    00000200   00000000    rw- .stack


SECTION ALLOCATION MAP

 output                                  attributes/
section   page    origin      length       input sections
--------  ----  ----------  ----------   ----------------
.intvecs   0    00000000    000000c0     
                  00000000    000000c0     startup_mspm0g350x_ticlang.o (.intvecs)

.text      0    000000c0    00000af8     
                  000000c0    0000013e     delay.o (.text.delay_ms)
                  000001fe    00000002     startup_mspm0g350x_ticlang.o (.text.Default_Handler)
                  00000200    0000011c     driverlib.a : dl_timer.o (.text.DL_Timer_initCaptureMode)
                  0000031c    00000104                 : dl_timer.o (.text.DL_Timer_initFourCCPWMMode)
                  00000420    000000e4     libclang_rt.builtins.a : muldf3.S.obj (.text.__muldf3)
                  00000504    0000009a     libc.a : memcpy16.S.obj (.text:memcpy)
                  0000059e    00000002     --HOLE-- [fill = 0]
                  000005a0    0000008c     ti_msp_dl_config.o (.text.SYSCFG_DL_Motor_init)
                  0000062c    0000007c     libc.a : copy_decompress_lzss.c.obj (.text:decompress:lzss)
                  000006a8    00000074     ti_msp_dl_config.o (.text.SYSCFG_DL_GPIO_init)
                  0000071c    00000060     ti_msp_dl_config.o (.text.SYSCFG_DL_UART_0_init)
                  0000077c    00000054     ti_msp_dl_config.o (.text.SYSCFG_DL_initPower)
                  000007d0    00000050     Motor.o (.text.cospeed)
                  00000820    00000048     driverlib.a : dl_uart.o (.text.DL_UART_init)
                  00000868    00000042     libclang_rt.builtins.a : fixunsdfsi.S.obj (.text.__fixunsdfsi)
                  000008aa    00000002     --HOLE-- [fill = 0]
                  000008ac    00000040     ti_msp_dl_config.o (.text.SYSCFG_DL_SYSCTL_init)
                  000008ec    0000003c     libc.a : autoinit.c.obj (.text:__TI_auto_init_nobinit_nopinit)
                  00000928    0000003a     libclang_rt.builtins.a : muldsi3.S.obj (.text.__muldsi3)
                  00000962    00000002     --HOLE-- [fill = 0]
                  00000964    00000034     ti_msp_dl_config.o (.text.SYSCFG_DL_init)
                  00000998    00000034     empty.o (.text.main)
                  000009cc    0000002c     ti_msp_dl_config.o (.text.SYSCFG_DL_LMotor_init)
                  000009f8    0000002c     ti_msp_dl_config.o (.text.SYSCFG_DL_RMotor_init)
                  00000a24    00000028     libc.a : boot_cortex_m.c.obj (.text:_c_int00_noargs)
                  00000a4c    00000024     Motor.o (.text.Go_forward)
                  00000a70    00000024     libclang_rt.builtins.a : floatunsidf.S.obj (.text.__floatunsidf)
                  00000a94    00000020     Motor.o (.text.Go_backward)
                  00000ab4    00000020     Motor.o (.text.hitbreak)
                  00000ad4    00000020     Motor.o (.text.stopnow)
                  00000af4    0000001c     driverlib.a : dl_timer.o (.text.DL_Timer_setCaptCompUpdateMethod)
                  00000b10    0000001c                 : dl_timer.o (.text.DL_Timer_setClockConfig)
                  00000b2c    00000018                 : dl_timer.o (.text.DL_Timer_setCaptureCompareOutCtl)
                  00000b44    00000016     libc.a : copy_zero_init.c.obj (.text:decompress:ZI:__TI_zero_init_nomemset)
                  00000b5a    00000012     driverlib.a : dl_uart.o (.text.DL_UART_setClockConfig)
                  00000b6c    00000012     libc.a : copy_decompress_none.c.obj (.text:decompress:none)
                  00000b7e    00000002     --HOLE-- [fill = 0]
                  00000b80    00000010     driverlib.a : dl_timer.o (.text.DL_Timer_setCaptureCompareValue)
                  00000b90    0000000a                 : dl_common.o (.text.DL_Common_delayCycles)
                  00000b9a    00000002     --HOLE-- [fill = 0]
                  00000b9c    00000008     libclang_rt.builtins.a : aeabi_memcpy.S.obj (.text.__aeabi_memcpy)
                  00000ba4    00000006     libc.a : exit.c.obj (.text:abort)
                  00000baa    00000004     libsysbm.a : hostexit.c.obj (.text.HOSTexit)
                  00000bae    00000004     startup_mspm0g350x_ticlang.o (.text.Reset_Handler)
                  00000bb2    00000004     libc.a : pre_init.c.obj (.text._system_pre_init)
                  00000bb6    00000002     --HOLE-- [fill = 0]

.cinit     0    00000c08    00000030     
                  00000c08    0000000c     (__TI_handler_table)
                  00000c14    0000000b     (.cinit..data.load) [load image, compression = lzss]
                  00000c1f    00000001     --HOLE-- [fill = 0]
                  00000c20    00000008     (.cinit..bss.load) [load image, compression = zero_init]
                  00000c28    00000010     (__TI_cinit_table)

.rodata    0    00000bb8    00000050     
                  00000bb8    00000010     ti_msp_dl_config.o (.rodata.gLMotorCaptureConfig)
                  00000bc8    00000010     ti_msp_dl_config.o (.rodata.gRMotorCaptureConfig)
                  00000bd8    0000000c     driverlib.a : dl_timer.o (.rodata..Lswitch.table.DL_Timer_initCompareMode)
                  00000be4    0000000a     ti_msp_dl_config.o (.rodata.gUART_0Config)
                  00000bee    00000002     ti_msp_dl_config.o (.rodata.gUART_0ClockConfig)
                  00000bf0    00000008     ti_msp_dl_config.o (.rodata.gMotorConfig)
                  00000bf8    00000003     ti_msp_dl_config.o (.rodata.gLMotorClockConfig)
                  00000bfb    00000003     ti_msp_dl_config.o (.rodata.gMotorClockConfig)
                  00000bfe    00000003     ti_msp_dl_config.o (.rodata.gRMotorClockConfig)
                  00000c01    00000007     --HOLE-- [fill = 0]

.init_array 
*          0    00000000    00000000     UNINITIALIZED

.binit     0    00000000    00000000     

.bss       0    20200000    00000178     UNINITIALIZED
                  20200000    000000bc     (.common:gLMotorBackup)
                  202000bc    000000bc     (.common:gRMotorBackup)

.data      0    20200178    00000010     UNINITIALIZED
                  20200178    00000008     Motor.o (.data.speed_l)
                  20200180    00000008     Motor.o (.data.speed_r)

.stack     0    20207e00    00000200     UNINITIALIZED
                  20207e00    00000004     libc.a : boot_cortex_m.c.obj (.stack)
                  20207e04    000001fc     --HOLE--

__llvm_prf_cnts 
*          0    20200000    00000000     UNINITIALIZED

__llvm_prf_bits 
*          0    20200000    00000000     UNINITIALIZED

MODULE SUMMARY

       Module                         code   ro data   rw data
       ------                         ----   -------   -------
    .\
       ti_msp_dl_config.o             640    61        376    
       delay.o                        318    0         0      
       Motor.o                        212    0         16     
       startup_mspm0g350x_ticlang.o   6      192       0      
       empty.o                        52     0         0      
    +--+------------------------------+------+---------+---------+
       Total:                         1228   253       392    
                                                              
    C:/TI/mspm0_sdk_2_10_00_04/source/ti/driverlib/lib/ticlang/m0p/mspm0g1x0x_g3x0x/driverlib.a
       dl_timer.o                     640    12        0      
       dl_uart.o                      90     0         0      
       dl_common.o                    10     0         0      
    +--+------------------------------+------+---------+---------+
       Total:                         740    12        0      
                                                              
    G:\CCS\ccs\tools\compiler\ti-cgt-armllvm_4.0.4.LTS\lib\armv6m-ti-none-eabi/c/libc.a
       memcpy16.S.obj                 154    0         0      
       copy_decompress_lzss.c.obj     124    0         0      
       autoinit.c.obj                 60     0         0      
       boot_cortex_m.c.obj            40     0         0      
       copy_zero_init.c.obj           22     0         0      
       copy_decompress_none.c.obj     18     0         0      
       exit.c.obj                     6      0         0      
       pre_init.c.obj                 4      0         0      
    +--+------------------------------+------+---------+---------+
       Total:                         428    0         0      
                                                              
    G:\CCS\ccs\tools\compiler\ti-cgt-armllvm_4.0.4.LTS\lib\armv6m-ti-none-eabi/c/libsysbm.a
       hostexit.c.obj                 4      0         0      
    +--+------------------------------+------+---------+---------+
       Total:                         4      0         0      
                                                              
    G:\CCS\ccs\tools\compiler\ti-cgt-armllvm_4.0.4.LTS\lib\armv6m-ti-none-eabi/libclang_rt.builtins.a
       muldf3.S.obj                   228    0         0      
       fixunsdfsi.S.obj               66     0         0      
       muldsi3.S.obj                  58     0         0      
       floatunsidf.S.obj              36     0         0      
       aeabi_memcpy.S.obj             8      0         0      
    +--+------------------------------+------+---------+---------+
       Total:                         396    0         0      
                                                              
       Stack:                         0      0         512    
       Linker Generated:              0      47        0      
    +--+------------------------------+------+---------+---------+
       Grand Total:                   2796   312       904    


LINKER GENERATED COPY TABLES

__TI_cinit_table @ 00000c28 records: 2, size/record: 8, table size: 16
	.data: load addr=00000c14, load size=0000000b bytes, run addr=20200178, run size=00000010 bytes, compression=lzss
	.bss: load addr=00000c20, load size=00000008 bytes, run addr=20200000, run size=00000178 bytes, compression=zero_init


LINKER GENERATED HANDLER TABLE

__TI_handler_table @ 00000c08 records: 3, size/record: 4, table size: 12
	index: 0, handler: __TI_decompress_lzss
	index: 1, handler: __TI_decompress_none
	index: 2, handler: __TI_zero_init


GLOBAL SYMBOLS: SORTED ALPHABETICALLY BY Name 

address   name                            
-------   ----                            
000001ff  ADC0_IRQHandler                 
000001ff  ADC1_IRQHandler                 
000001ff  AES_IRQHandler                  
00000baa  C$$EXIT                         
000001ff  CANFD0_IRQHandler               
000001ff  DAC0_IRQHandler                 
00000b91  DL_Common_delayCycles           
00000201  DL_Timer_initCaptureMode        
0000031d  DL_Timer_initFourCCPWMMode      
00000af5  DL_Timer_setCaptCompUpdateMethod
00000b2d  DL_Timer_setCaptureCompareOutCtl
00000b81  DL_Timer_setCaptureCompareValue 
00000b11  DL_Timer_setClockConfig         
00000821  DL_UART_init                    
00000b5b  DL_UART_setClockConfig          
000001ff  DMA_IRQHandler                  
000001ff  Default_Handler                 
000001ff  GROUP0_IRQHandler               
000001ff  GROUP1_IRQHandler               
00000a95  Go_backward                     
00000a4d  Go_forward                      
00000bab  HOSTexit                        
000001ff  HardFault_Handler               
000001ff  I2C0_IRQHandler                 
000001ff  I2C1_IRQHandler                 
000001ff  NMI_Handler                     
000001ff  PendSV_Handler                  
000001ff  RTC_IRQHandler                  
00000baf  Reset_Handler                   
000001ff  SPI0_IRQHandler                 
000001ff  SPI1_IRQHandler                 
000001ff  SVC_Handler                     
000006a9  SYSCFG_DL_GPIO_init             
000009cd  SYSCFG_DL_LMotor_init           
000005a1  SYSCFG_DL_Motor_init            
000009f9  SYSCFG_DL_RMotor_init           
000008ad  SYSCFG_DL_SYSCTL_init           
0000071d  SYSCFG_DL_UART_0_init           
00000965  SYSCFG_DL_init                  
0000077d  SYSCFG_DL_initPower             
000001ff  SysTick_Handler                 
000001ff  TIMA0_IRQHandler                
000001ff  TIMA1_IRQHandler                
000001ff  TIMG0_IRQHandler                
000001ff  TIMG12_IRQHandler               
000001ff  TIMG6_IRQHandler                
000001ff  TIMG7_IRQHandler                
000001ff  TIMG8_IRQHandler                
000001ff  UART0_IRQHandler                
000001ff  UART1_IRQHandler                
000001ff  UART2_IRQHandler                
000001ff  UART3_IRQHandler                
20208000  __STACK_END                     
00000200  __STACK_SIZE                    
00000000  __TI_ATRegion0_region_sz        
00000000  __TI_ATRegion0_src_addr         
00000000  __TI_ATRegion0_trg_addr         
00000000  __TI_ATRegion1_region_sz        
00000000  __TI_ATRegion1_src_addr         
00000000  __TI_ATRegion1_trg_addr         
00000000  __TI_ATRegion2_region_sz        
00000000  __TI_ATRegion2_src_addr         
00000000  __TI_ATRegion2_trg_addr         
00000c28  __TI_CINIT_Base                 
00000c38  __TI_CINIT_Limit                
00000c38  __TI_CINIT_Warm                 
00000c08  __TI_Handler_Table_Base         
00000c14  __TI_Handler_Table_Limit        
000008ed  __TI_auto_init_nobinit_nopinit  
0000062d  __TI_decompress_lzss            
00000b6d  __TI_decompress_none            
ffffffff  __TI_pprof_out_hndl             
ffffffff  __TI_prof_data_size             
ffffffff  __TI_prof_data_start            
00000000  __TI_static_base__              
00000b45  __TI_zero_init_nomemset         
00000869  __aeabi_d2uiz                   
00000421  __aeabi_dmul                    
00000b9d  __aeabi_memcpy                  
00000b9d  __aeabi_memcpy4                 
00000b9d  __aeabi_memcpy8                 
00000a71  __aeabi_ui2d                    
ffffffff  __binit__                       
00000869  __fixunsdfsi                    
00000a71  __floatunsidf                   
UNDEFED   __mpu_init                      
00000421  __muldf3                        
00000929  __muldsi3                       
20207e00  __stack                         
20200000  __start___llvm_prf_bits         
20200000  __start___llvm_prf_cnts         
20200000  __stop___llvm_prf_bits          
20200000  __stop___llvm_prf_cnts          
00000a25  _c_int00_noargs                 
UNDEFED   _system_post_cinit              
00000bb3  _system_pre_init                
00000ba5  abort                           
ffffffff  binit                           
000007d1  cospeed                         
000000c1  delay_ms                        
20200000  gLMotorBackup                   
202000bc  gRMotorBackup                   
00000ab5  hitbreak                        
00000000  interruptVectors                
00000999  main                            
00000505  memcpy                          
20200178  speed_l                         
20200180  speed_r                         
00000ad5  stopnow                         


GLOBAL SYMBOLS: SORTED BY Symbol Address 

address   name                            
-------   ----                            
00000000  __TI_ATRegion0_region_sz        
00000000  __TI_ATRegion0_src_addr         
00000000  __TI_ATRegion0_trg_addr         
00000000  __TI_ATRegion1_region_sz        
00000000  __TI_ATRegion1_src_addr         
00000000  __TI_ATRegion1_trg_addr         
00000000  __TI_ATRegion2_region_sz        
00000000  __TI_ATRegion2_src_addr         
00000000  __TI_ATRegion2_trg_addr         
00000000  __TI_static_base__              
00000000  interruptVectors                
000000c1  delay_ms                        
000001ff  ADC0_IRQHandler                 
000001ff  ADC1_IRQHandler                 
000001ff  AES_IRQHandler                  
000001ff  CANFD0_IRQHandler               
000001ff  DAC0_IRQHandler                 
000001ff  DMA_IRQHandler                  
000001ff  Default_Handler                 
000001ff  GROUP0_IRQHandler               
000001ff  GROUP1_IRQHandler               
000001ff  HardFault_Handler               
000001ff  I2C0_IRQHandler                 
000001ff  I2C1_IRQHandler                 
000001ff  NMI_Handler                     
000001ff  PendSV_Handler                  
000001ff  RTC_IRQHandler                  
000001ff  SPI0_IRQHandler                 
000001ff  SPI1_IRQHandler                 
000001ff  SVC_Handler                     
000001ff  SysTick_Handler                 
000001ff  TIMA0_IRQHandler                
000001ff  TIMA1_IRQHandler                
000001ff  TIMG0_IRQHandler                
000001ff  TIMG12_IRQHandler               
000001ff  TIMG6_IRQHandler                
000001ff  TIMG7_IRQHandler                
000001ff  TIMG8_IRQHandler                
000001ff  UART0_IRQHandler                
000001ff  UART1_IRQHandler                
000001ff  UART2_IRQHandler                
000001ff  UART3_IRQHandler                
00000200  __STACK_SIZE                    
00000201  DL_Timer_initCaptureMode        
0000031d  DL_Timer_initFourCCPWMMode      
00000421  __aeabi_dmul                    
00000421  __muldf3                        
00000505  memcpy                          
000005a1  SYSCFG_DL_Motor_init            
0000062d  __TI_decompress_lzss            
000006a9  SYSCFG_DL_GPIO_init             
0000071d  SYSCFG_DL_UART_0_init           
0000077d  SYSCFG_DL_initPower             
000007d1  cospeed                         
00000821  DL_UART_init                    
00000869  __aeabi_d2uiz                   
00000869  __fixunsdfsi                    
000008ad  SYSCFG_DL_SYSCTL_init           
000008ed  __TI_auto_init_nobinit_nopinit  
00000929  __muldsi3                       
00000965  SYSCFG_DL_init                  
00000999  main                            
000009cd  SYSCFG_DL_LMotor_init           
000009f9  SYSCFG_DL_RMotor_init           
00000a25  _c_int00_noargs                 
00000a4d  Go_forward                      
00000a71  __aeabi_ui2d                    
00000a71  __floatunsidf                   
00000a95  Go_backward                     
00000ab5  hitbreak                        
00000ad5  stopnow                         
00000af5  DL_Timer_setCaptCompUpdateMethod
00000b11  DL_Timer_setClockConfig         
00000b2d  DL_Timer_setCaptureCompareOutCtl
00000b45  __TI_zero_init_nomemset         
00000b5b  DL_UART_setClockConfig          
00000b6d  __TI_decompress_none            
00000b81  DL_Timer_setCaptureCompareValue 
00000b91  DL_Common_delayCycles           
00000b9d  __aeabi_memcpy                  
00000b9d  __aeabi_memcpy4                 
00000b9d  __aeabi_memcpy8                 
00000ba5  abort                           
00000baa  C$$EXIT                         
00000bab  HOSTexit                        
00000baf  Reset_Handler                   
00000bb3  _system_pre_init                
00000c08  __TI_Handler_Table_Base         
00000c14  __TI_Handler_Table_Limit        
00000c28  __TI_CINIT_Base                 
00000c38  __TI_CINIT_Limit                
00000c38  __TI_CINIT_Warm                 
20200000  __start___llvm_prf_bits         
20200000  __start___llvm_prf_cnts         
20200000  __stop___llvm_prf_bits          
20200000  __stop___llvm_prf_cnts          
20200000  gLMotorBackup                   
202000bc  gRMotorBackup                   
20200178  speed_l                         
20200180  speed_r                         
20207e00  __stack                         
20208000  __STACK_END                     
ffffffff  __TI_pprof_out_hndl             
ffffffff  __TI_prof_data_size             
ffffffff  __TI_prof_data_start            
ffffffff  __binit__                       
ffffffff  binit                           
UNDEFED   __mpu_init                      
UNDEFED   _system_post_cinit              

[109 symbols]
