******************************************************************************
            TI ARM Clang Linker PC v4.0.4                      
******************************************************************************
>> Linked Sun Apr 12 21:35:42 2026

OUTPUT FILE NAME:   <gpio.out>
ENTRY POINT SYMBOL: "_c_int00_noargs"  address: 00000759


MEMORY CONFIGURATION

         name            origin    length      used     unused   attr    fill
----------------------  --------  ---------  --------  --------  ----  --------
  FLASH                 00000000   00020000  000008d8  0001f728  R  X
  SRAM                  20200000   00008000  0000037c  00007c84  RW X
  BCR_CONFIG            41c00000   000000ff  00000000  000000ff  R   
  BSL_CONFIG            41c00100   00000080  00000000  00000080  R   


SEGMENT ALLOCATION MAP

run origin  load origin   length   init length attrs members
----------  ----------- ---------- ----------- ----- -------
00000000    00000000    000008d8   000008d8    r-x
  00000000    00000000    000000c0   000000c0    r-- .intvecs
  000000c0    000000c0    000007a8   000007a8    r-x .text
  00000868    00000868    00000058   00000058    r-- .rodata
  000008c0    000008c0    00000018   00000018    r-- .cinit
20200000    20200000    0000017c   00000000    rw-
  20200000    20200000    0000017c   00000000    rw- .bss
20207e00    20207e00    00000200   00000000    rw-
  20207e00    20207e00    00000200   00000000    rw- .stack


SECTION ALLOCATION MAP

 output                                  attributes/
section   page    origin      length       input sections
--------  ----  ----------  ----------   ----------------
.intvecs   0    00000000    000000c0     
                  00000000    000000c0     startup_mspm0g350x_ticlang.o (.intvecs)

.text      0    000000c0    000007a8     
                  000000c0    00000104     driverlib.a : dl_timer.o (.text.DL_Timer_initFourCCPWMMode)
                  000001c4    000000e0                 : dl_timer.o (.text.DL_Timer_initCaptureCombinedMode)
                  000002a4    000000b4     encoder.o (.text.get_period)
                  00000358    0000008c     ti_msp_dl_config.o (.text.SYSCFG_DL_Motor_init)
                  000003e4    00000074     ti_msp_dl_config.o (.text.SYSCFG_DL_GPIO_init)
                  00000458    00000060     ti_msp_dl_config.o (.text.SYSCFG_DL_UART_0_init)
                  000004b8    00000054     ti_msp_dl_config.o (.text.SYSCFG_DL_initPower)
                  0000050c    00000048     driverlib.a : dl_uart.o (.text.DL_UART_init)
                  00000554    00000040     ti_msp_dl_config.o (.text.SYSCFG_DL_SYSCTL_init)
                  00000594    0000003c     ti_msp_dl_config.o (.text.SYSCFG_DL_LMotor_init)
                  000005d0    0000003c     ti_msp_dl_config.o (.text.SYSCFG_DL_RMotor_init)
                  0000060c    0000003c     encoder.o (.text.TIMA0_IRQHandler)
                  00000648    0000003c     encoder.o (.text.TIMA1_IRQHandler)
                  00000684    0000003c     libc.a : autoinit.c.obj (.text:__TI_auto_init_nobinit_nopinit)
                  000006c0    00000034     encoder.o (.text.Encoder_Init)
                  000006f4    00000034     ti_msp_dl_config.o (.text.SYSCFG_DL_init)
                  00000728    00000030     empty.o (.text.main)
                  00000758    00000028     libc.a : boot_cortex_m.c.obj (.text:_c_int00_noargs)
                  00000780    00000024     Motor.o (.text.Go_forward)
                  000007a4    0000001c     driverlib.a : dl_timer.o (.text.DL_Timer_setCaptCompUpdateMethod)
                  000007c0    0000001c                 : dl_timer.o (.text.DL_Timer_setClockConfig)
                  000007dc    00000018                 : dl_timer.o (.text.DL_Timer_setCaptureCompareOutCtl)
                  000007f4    00000016     libc.a : copy_zero_init.c.obj (.text:decompress:ZI:__TI_zero_init_nomemset)
                  0000080a    00000012     driverlib.a : dl_uart.o (.text.DL_UART_setClockConfig)
                  0000081c    00000010                 : dl_timer.o (.text.DL_Timer_getCaptureCompareValue)
                  0000082c    00000010                 : dl_timer.o (.text.DL_Timer_setCaptureCompareValue)
                  0000083c    0000000a                 : dl_common.o (.text.DL_Common_delayCycles)
                  00000846    0000000a     delay.o (.text.delay_us)
                  00000850    00000006     libc.a : exit.c.obj (.text:abort)
                  00000856    00000004     libsysbm.a : hostexit.c.obj (.text.HOSTexit)
                  0000085a    00000004     startup_mspm0g350x_ticlang.o (.text.Reset_Handler)
                  0000085e    00000004     libc.a : pre_init.c.obj (.text._system_pre_init)
                  00000862    00000002     startup_mspm0g350x_ticlang.o (.text.Default_Handler)
                  00000864    00000004     --HOLE-- [fill = 0]

.cinit     0    000008c0    00000018     
                  000008c0    00000008     (.cinit..bss.load) [load image, compression = zero_init]
                  000008c8    00000004     (__TI_handler_table)
                  000008cc    00000008     (__TI_cinit_table)
                  000008d4    00000004     --HOLE-- [fill = 0]

.rodata    0    00000868    00000058     
                  00000868    00000010     ti_msp_dl_config.o (.rodata.gLMotorCaptureConfig)
                  00000878    00000010     ti_msp_dl_config.o (.rodata.gRMotorCaptureConfig)
                  00000888    0000000c     driverlib.a : dl_timer.o (.rodata..Lswitch.table.DL_Timer_initCaptureCombinedMode.1)
                  00000894    0000000c                 : dl_timer.o (.rodata..Lswitch.table.DL_Timer_initCompareMode)
                  000008a0    0000000a     ti_msp_dl_config.o (.rodata.gUART_0Config)
                  000008aa    00000002     ti_msp_dl_config.o (.rodata.gUART_0ClockConfig)
                  000008ac    00000008     ti_msp_dl_config.o (.rodata.gMotorConfig)
                  000008b4    00000003     ti_msp_dl_config.o (.rodata.gLMotorClockConfig)
                  000008b7    00000003     ti_msp_dl_config.o (.rodata.gMotorClockConfig)
                  000008ba    00000003     ti_msp_dl_config.o (.rodata.gRMotorClockConfig)
                  000008bd    00000003     --HOLE-- [fill = 0]

.init_array 
*          0    00000000    00000000     UNINITIALIZED

.binit     0    00000000    00000000     

.bss       0    20200000    0000017c     UNINITIALIZED
                  20200000    000000bc     (.common:gLMotorBackup)
                  202000bc    000000bc     (.common:gRMotorBackup)
                  20200178    00000001     encoder.o (.bss.LgCapDone)
                  20200179    00000001     encoder.o (.bss.LgFirstEdge)
                  2020017a    00000001     encoder.o (.bss.RgCapDone)
                  2020017b    00000001     encoder.o (.bss.RgFirstEdge)

.stack     0    20207e00    00000200     UNINITIALIZED
                  20207e00    00000004     libc.a : boot_cortex_m.c.obj (.stack)
                  20207e04    000001fc     --HOLE--

__llvm_prf_cnts 
*          0    20200000    00000000     UNINITIALIZED

__llvm_prf_bits 
*          0    20200000    00000000     UNINITIALIZED

MODULE SUMMARY

       Module                         code   ro data   rw data
       ------                         ----   -------   -------
    .\
       ti_msp_dl_config.o             672    61        376    
       encoder.o                      352    0         4      
       startup_mspm0g350x_ticlang.o   6      192       0      
       empty.o                        48     0         0      
       Motor.o                        36     0         0      
       delay.o                        10     0         0      
    +--+------------------------------+------+---------+---------+
       Total:                         1124   253       380    
                                                              
    C:/TI/mspm0_sdk_2_10_00_04/source/ti/driverlib/lib/ticlang/m0p/mspm0g1x0x_g3x0x/driverlib.a
       dl_timer.o                     596    24        0      
       dl_uart.o                      90     0         0      
       dl_common.o                    10     0         0      
    +--+------------------------------+------+---------+---------+
       Total:                         696    24        0      
                                                              
    G:\CCS\ccs\tools\compiler\ti-cgt-armllvm_4.0.4.LTS\lib\armv6m-ti-none-eabi/c/libc.a
       autoinit.c.obj                 60     0         0      
       boot_cortex_m.c.obj            40     0         0      
       copy_zero_init.c.obj           22     0         0      
       exit.c.obj                     6      0         0      
       pre_init.c.obj                 4      0         0      
    +--+------------------------------+------+---------+---------+
       Total:                         132    0         0      
                                                              
    G:\CCS\ccs\tools\compiler\ti-cgt-armllvm_4.0.4.LTS\lib\armv6m-ti-none-eabi/c/libsysbm.a
       hostexit.c.obj                 4      0         0      
    +--+------------------------------+------+---------+---------+
       Total:                         4      0         0      
                                                              
       Stack:                         0      0         512    
       Linker Generated:              0      20        0      
    +--+------------------------------+------+---------+---------+
       Grand Total:                   1956   297       892    


LINKER GENERATED COPY TABLES

__TI_cinit_table @ 000008cc records: 1, size/record: 8, table size: 8
	.bss: load addr=000008c0, load size=00000008 bytes, run addr=20200000, run size=0000017c bytes, compression=zero_init


LINKER GENERATED HANDLER TABLE

__TI_handler_table @ 000008c8 records: 1, size/record: 4, table size: 4
	index: 0, handler: __TI_zero_init


GLOBAL SYMBOLS: SORTED ALPHABETICALLY BY Name 

address   name                            
-------   ----                            
00000863  ADC0_IRQHandler                 
00000863  ADC1_IRQHandler                 
00000863  AES_IRQHandler                  
00000856  C$$EXIT                         
00000863  CANFD0_IRQHandler               
00000863  DAC0_IRQHandler                 
0000083d  DL_Common_delayCycles           
0000081d  DL_Timer_getCaptureCompareValue 
000001c5  DL_Timer_initCaptureCombinedMode
000000c1  DL_Timer_initFourCCPWMMode      
000007a5  DL_Timer_setCaptCompUpdateMethod
000007dd  DL_Timer_setCaptureCompareOutCtl
0000082d  DL_Timer_setCaptureCompareValue 
000007c1  DL_Timer_setClockConfig         
0000050d  DL_UART_init                    
0000080b  DL_UART_setClockConfig          
00000863  DMA_IRQHandler                  
00000863  Default_Handler                 
000006c1  Encoder_Init                    
00000863  GROUP0_IRQHandler               
00000863  GROUP1_IRQHandler               
00000781  Go_forward                      
00000857  HOSTexit                        
00000863  HardFault_Handler               
00000863  I2C0_IRQHandler                 
00000863  I2C1_IRQHandler                 
00000863  NMI_Handler                     
00000863  PendSV_Handler                  
00000863  RTC_IRQHandler                  
0000085b  Reset_Handler                   
00000863  SPI0_IRQHandler                 
00000863  SPI1_IRQHandler                 
00000863  SVC_Handler                     
000003e5  SYSCFG_DL_GPIO_init             
00000595  SYSCFG_DL_LMotor_init           
00000359  SYSCFG_DL_Motor_init            
000005d1  SYSCFG_DL_RMotor_init           
00000555  SYSCFG_DL_SYSCTL_init           
00000459  SYSCFG_DL_UART_0_init           
000006f5  SYSCFG_DL_init                  
000004b9  SYSCFG_DL_initPower             
00000863  SysTick_Handler                 
0000060d  TIMA0_IRQHandler                
00000649  TIMA1_IRQHandler                
00000863  TIMG0_IRQHandler                
00000863  TIMG12_IRQHandler               
00000863  TIMG6_IRQHandler                
00000863  TIMG7_IRQHandler                
00000863  TIMG8_IRQHandler                
00000863  UART0_IRQHandler                
00000863  UART1_IRQHandler                
00000863  UART2_IRQHandler                
00000863  UART3_IRQHandler                
20208000  __STACK_END                     
00000200  __STACK_SIZE                    
00000000  __TI_ATRegion0_region_sz        
00000000  __TI_ATRegion0_src_addr         
00000000  __TI_ATRegion0_trg_addr         
00000000  __TI_ATRegion1_region_sz        
00000000  __TI_ATRegion1_src_addr         
00000000  __TI_ATRegion1_trg_addr         
00000000  __TI_ATRegion2_region_sz        
00000000  __TI_ATRegion2_src_addr         
00000000  __TI_ATRegion2_trg_addr         
000008cc  __TI_CINIT_Base                 
000008d4  __TI_CINIT_Limit                
000008d4  __TI_CINIT_Warm                 
000008c8  __TI_Handler_Table_Base         
000008cc  __TI_Handler_Table_Limit        
00000685  __TI_auto_init_nobinit_nopinit  
ffffffff  __TI_pprof_out_hndl             
ffffffff  __TI_prof_data_size             
ffffffff  __TI_prof_data_start            
00000000  __TI_static_base__              
000007f5  __TI_zero_init_nomemset         
ffffffff  __binit__                       
UNDEFED   __mpu_init                      
20207e00  __stack                         
20200000  __start___llvm_prf_bits         
20200000  __start___llvm_prf_cnts         
20200000  __stop___llvm_prf_bits          
20200000  __stop___llvm_prf_cnts          
00000759  _c_int00_noargs                 
UNDEFED   _system_post_cinit              
0000085f  _system_pre_init                
00000851  abort                           
ffffffff  binit                           
00000847  delay_us                        
20200000  gLMotorBackup                   
202000bc  gRMotorBackup                   
000002a5  get_period                      
00000000  interruptVectors                
00000729  main                            


GLOBAL SYMBOLS: SORTED BY Symbol Address 

address   name                            
-------   ----                            
00000000  __TI_ATRegion0_region_sz        
00000000  __TI_ATRegion0_src_addr         
00000000  __TI_ATRegion0_trg_addr         
00000000  __TI_ATRegion1_region_sz        
00000000  __TI_ATRegion1_src_addr         
00000000  __TI_ATRegion1_trg_addr         
00000000  __TI_ATRegion2_region_sz        
00000000  __TI_ATRegion2_src_addr         
00000000  __TI_ATRegion2_trg_addr         
00000000  __TI_static_base__              
00000000  interruptVectors                
000000c1  DL_Timer_initFourCCPWMMode      
000001c5  DL_Timer_initCaptureCombinedMode
00000200  __STACK_SIZE                    
000002a5  get_period                      
00000359  SYSCFG_DL_Motor_init            
000003e5  SYSCFG_DL_GPIO_init             
00000459  SYSCFG_DL_UART_0_init           
000004b9  SYSCFG_DL_initPower             
0000050d  DL_UART_init                    
00000555  SYSCFG_DL_SYSCTL_init           
00000595  SYSCFG_DL_LMotor_init           
000005d1  SYSCFG_DL_RMotor_init           
0000060d  TIMA0_IRQHandler                
00000649  TIMA1_IRQHandler                
00000685  __TI_auto_init_nobinit_nopinit  
000006c1  Encoder_Init                    
000006f5  SYSCFG_DL_init                  
00000729  main                            
00000759  _c_int00_noargs                 
00000781  Go_forward                      
000007a5  DL_Timer_setCaptCompUpdateMethod
000007c1  DL_Timer_setClockConfig         
000007dd  DL_Timer_setCaptureCompareOutCtl
000007f5  __TI_zero_init_nomemset         
0000080b  DL_UART_setClockConfig          
0000081d  DL_Timer_getCaptureCompareValue 
0000082d  DL_Timer_setCaptureCompareValue 
0000083d  DL_Common_delayCycles           
00000847  delay_us                        
00000851  abort                           
00000856  C$$EXIT                         
00000857  HOSTexit                        
0000085b  Reset_Handler                   
0000085f  _system_pre_init                
00000863  ADC0_IRQHandler                 
00000863  ADC1_IRQHandler                 
00000863  AES_IRQHandler                  
00000863  CANFD0_IRQHandler               
00000863  DAC0_IRQHandler                 
00000863  DMA_IRQHandler                  
00000863  Default_Handler                 
00000863  GROUP0_IRQHandler               
00000863  GROUP1_IRQHandler               
00000863  HardFault_Handler               
00000863  I2C0_IRQHandler                 
00000863  I2C1_IRQHandler                 
00000863  NMI_Handler                     
00000863  PendSV_Handler                  
00000863  RTC_IRQHandler                  
00000863  SPI0_IRQHandler                 
00000863  SPI1_IRQHandler                 
00000863  SVC_Handler                     
00000863  SysTick_Handler                 
00000863  TIMG0_IRQHandler                
00000863  TIMG12_IRQHandler               
00000863  TIMG6_IRQHandler                
00000863  TIMG7_IRQHandler                
00000863  TIMG8_IRQHandler                
00000863  UART0_IRQHandler                
00000863  UART1_IRQHandler                
00000863  UART2_IRQHandler                
00000863  UART3_IRQHandler                
000008c8  __TI_Handler_Table_Base         
000008cc  __TI_CINIT_Base                 
000008cc  __TI_Handler_Table_Limit        
000008d4  __TI_CINIT_Limit                
000008d4  __TI_CINIT_Warm                 
20200000  __start___llvm_prf_bits         
20200000  __start___llvm_prf_cnts         
20200000  __stop___llvm_prf_bits          
20200000  __stop___llvm_prf_cnts          
20200000  gLMotorBackup                   
202000bc  gRMotorBackup                   
20207e00  __stack                         
20208000  __STACK_END                     
ffffffff  __TI_pprof_out_hndl             
ffffffff  __TI_prof_data_size             
ffffffff  __TI_prof_data_start            
ffffffff  __binit__                       
ffffffff  binit                           
UNDEFED   __mpu_init                      
UNDEFED   _system_post_cinit              

[93 symbols]
